{
  "ball": null,
  "trajectory": [],
  "metadata": {
    "trackingQuality": "poor",
    "modelVersion": "test-version"
  }
}