{
  "players": [],
  "metadata": {
    "processingTime": "normalized",
    "modelVersion": "test-version",
    "confidence": 0.9
  }
}